{"level":"error","message":"2025-11-12T08:01:13.304Z => New password invalid"}
{"level":"error","message":"2025-11-12T08:02:22.673Z => Employee with id undefined not found"}
{"level":"error","message":"2025-11-12T08:02:45.323Z => Employee with id undefined not found"}
{"level":"error","message":"2025-11-12T09:12:11.161Z => Document with id 690390e96e6ed6180fb448cf not found"}
{"level":"error","message":"2025-11-16T09:30:20.433Z => Document with id missing not found"}
{"level":"error","message":"2025-11-16T09:30:20.461Z => Document does not create"}
{"level":"error","message":"2025-11-16T14:05:56.027Z => Document with id missing not found"}
{"level":"error","message":"2025-11-16T14:05:56.072Z => Document does not create"}
{"level":"error","message":"2025-11-19T08:51:02.400Z => Document with id missing not found"}
{"level":"error","message":"2025-11-19T08:51:02.417Z => Document does not create"}
{"level":"error","message":"2025-11-19T08:53:20.070Z => Document with id missing not found"}
{"level":"error","message":"2025-11-19T08:53:20.079Z => Document does not create"}
{"level":"error","message":"2025-11-20T11:21:48.924Z => Document with id missing not found"}
{"level":"error","message":"2025-11-20T11:21:48.927Z => Document does not create"}
{"level":"error","message":"2025-11-20T11:23:17.916Z => Document with id missing not found"}
{"level":"error","message":"2025-11-20T11:23:17.921Z => Document does not create"}
{"level":"error","message":"2025-11-20T11:24:38.195Z => Document with id missing not found"}
{"level":"error","message":"2025-11-20T11:24:38.201Z => Document does not create"}
{"level":"error","message":"2025-11-20T11:25:59.284Z => Document with id missing not found"}
{"level":"error","message":"2025-11-20T11:25:59.288Z => Document does not create"}
{"level":"error","message":"2025-11-20T11:26:49.510Z => Document with id missing not found"}
{"level":"error","message":"2025-11-20T11:26:49.516Z => Document does not create"}
{"level":"error","message":"2025-11-20T11:27:50.761Z => Document with id missing not found"}
{"level":"error","message":"2025-11-20T11:27:50.768Z => Document does not create"}
{"level":"error","message":"2025-11-20T11:28:13.630Z => Document with id missing not found"}
{"level":"error","message":"2025-11-20T11:28:13.635Z => Document does not create"}
{"level":"error","message":"2025-11-23T09:11:12.195Z => Document with id missing not found"}
{"level":"error","message":"2025-11-23T09:11:12.243Z => Document does not create"}
{"level":"error","message":"2025-11-23T14:28:21.234Z => Document with id missing not found"}
{"level":"error","message":"2025-11-23T14:28:21.250Z => Document does not create"}
{"level":"error","message":"2025-11-23T14:29:29.434Z => Document with id missing not found"}
{"level":"error","message":"2025-11-23T14:29:29.438Z => Document does not create"}
