
> ts-template@1.0.0 test
> jest --runInBand tests/quizResult.test.ts

  console.log
    {
      name: 'Result Tester',
      email: 'resulttest@example.com',
      password: 'password123',
      passwordConfirm: 'password123'
    }

      at AccountServiceImplMongo.signup (src/services/AccountServiceImplMongo.ts:14:17)

  console.error
    🔥 Internal Server Error: MongoClientClosedError: Operation interrupted because client was closed
        at ConnectionPool.closeCheckedOutConnections (/Users/dmitrii/Desktop/BackEnd/quiz-app/backend/node_modules/mongodb/src/cmap/connection_pool.ts:495:20)
        at Server.closeCheckedOutConnections (/Users/dmitrii/Desktop/BackEnd/quiz-app/backend/node_modules/mongodb/src/sdam/server.ts:250:22)
        at Topology.closeCheckedOutConnections (/Users/dmitrii/Desktop/BackEnd/quiz-app/backend/node_modules/mongodb/src/sdam/topology.ts:495:21)
        at MongoClient._close (/Users/dmitrii/Desktop/BackEnd/quiz-app/backend/node_modules/mongodb/src/mongo_client.ts:767:20)
        at MongoClient.close (/Users/dmitrii/Desktop/BackEnd/quiz-app/backend/node_modules/mongodb/src/mongo_client.ts:749:29)
        at NativeConnection.doClose (/Users/dmitrii/Desktop/BackEnd/quiz-app/backend/node_modules/mongoose/lib/drivers/node-mongodb-native/connection.js:208:21)
        at NativeConnection._close (/Users/dmitrii/Desktop/BackEnd/quiz-app/backend/node_modules/mongoose/lib/connection.js:1260:18)
        at NativeConnection.close (/Users/dmitrii/Desktop/BackEnd/quiz-app/backend/node_modules/mongoose/lib/connection.js:1225:15)
        at Object.<anonymous> (/Users/dmitrii/Desktop/BackEnd/quiz-app/backend/tests/quizResult.test.ts:53:35)
        at processTicksAndRejections (node:internal/process/task_queues:105:5) {
      errorLabelSet: Set(0) {}
    }

       6 |         res.status(err.status).send(err.message);
       7 |     } else {
    >  8 |         console.error('🔥 Internal Server Error:', err);
         |                 ^
       9 |         res.status(500).send("Internal Server Error");
      10 |     }
      11 | };

      at errorHandler (src/errorHandler/errorHandler.ts:8:17)
      at newFn (node_modules/express-async-errors/index.js:16:20)
      at Layer.handle_error (node_modules/express/lib/router/layer.js:71:5)
      at trim_prefix (node_modules/express/lib/router/index.js:326:13)
      at node_modules/express/lib/router/index.js:286:9
      at Function.process_params (node_modules/express/lib/router/index.js:346:12)
      at next (node_modules/express/lib/router/index.js:280:10)
      at Layer.handle_error (node_modules/express/lib/router/layer.js:67:12)
      at trim_prefix (node_modules/express/lib/router/index.js:326:13)
      at node_modules/express/lib/router/index.js:286:9
      at Function.process_params (node_modules/express/lib/router/index.js:346:12)
      at next (node_modules/express/lib/router/index.js:280:10)
      at Layer.handle_error (node_modules/express/lib/router/layer.js:67:12)
      at trim_prefix (node_modules/express/lib/router/index.js:326:13)
      at node_modules/express/lib/router/index.js:286:9
      at Function.process_params (node_modules/express/lib/router/index.js:346:12)
      at next (node_modules/express/lib/router/index.js:280:10)
      at node_modules/express/lib/router/index.js:646:15
      at next (node_modules/express/lib/router/index.js:265:14)
      at Layer.handle_error (node_modules/express/lib/router/layer.js:67:12)
      at trim_prefix (node_modules/express/lib/router/index.js:326:13)
      at node_modules/express/lib/router/index.js:286:9
      at Function.process_params (node_modules/express/lib/router/index.js:346:12)
      at next (node_modules/express/lib/router/index.js:280:10)
      at Layer.handle_error (node_modules/express/lib/router/layer.js:67:12)
      at trim_prefix (node_modules/express/lib/router/index.js:326:13)
      at node_modules/express/lib/router/index.js:286:9
      at Function.process_params (node_modules/express/lib/router/index.js:346:12)
      at next (node_modules/express/lib/router/index.js:280:10)
      at next (node_modules/express/lib/router/route.js:141:14)
      at node_modules/express-async-errors/index.js:18:44

FAIL tests/quizResult.test.ts (58.5 s)
  Quiz Result Integration Tests
    ✕ should save a test result successfully (20 ms)
    ✕ should fail to save duplicate result

  ● Quiz Result Integration Tests › should save a test result successfully

    thrown: "Exceeded timeout of 10000 ms for a hook.
    Add a timeout value to this test to increase the timeout, if this is a long-running test. See https://jestjs.io/docs/api#testname-fn-timeout."

      13 |
      14 | describe('Quiz Result Integration Tests', () => {
    > 15 |     beforeAll(async () => {
         |     ^
      16 |         await mongoose.connect(process.env.DATABASE_TEST || 'mongodb://localhost:27017/quiz-app-test');
      17 |         
      18 |         // Create a user

      at tests/quizResult.test.ts:15:5
      at Object.<anonymous> (tests/quizResult.test.ts:14:1)

  ● Quiz Result Integration Tests › should fail to save duplicate result

    thrown: "Exceeded timeout of 10000 ms for a hook.
    Add a timeout value to this test to increase the timeout, if this is a long-running test. See https://jestjs.io/docs/api#testname-fn-timeout."

      13 |
      14 | describe('Quiz Result Integration Tests', () => {
    > 15 |     beforeAll(async () => {
         |     ^
      16 |         await mongoose.connect(process.env.DATABASE_TEST || 'mongodb://localhost:27017/quiz-app-test');
      17 |         
      18 |         // Create a user

      at tests/quizResult.test.ts:15:5
      at Object.<anonymous> (tests/quizResult.test.ts:14:1)

-----------------------------|---------|----------|---------|---------|--------------------------------------------------------
File                         | % Stmts | % Branch | % Funcs | % Lines | Uncovered Line #s                                      
-----------------------------|---------|----------|---------|---------|--------------------------------------------------------
All files                    |   58.34 |    62.06 |   23.21 |   58.34 |                                                        
 src                         |   90.57 |       60 |   33.33 |   90.57 |                                                        
  server.ts                  |   90.57 |       60 |   33.33 |   90.57 | 59-60,63-64,117-120,134-138                            
 src/Logger                  |     100 |      100 |     100 |     100 |                                                        
  winston.ts                 |     100 |      100 |     100 |     100 |                                                        
 src/config                  |   71.56 |        0 |     100 |   71.56 |                                                        
  appConfig.ts               |     100 |        0 |     100 |     100 | 29-32                                                  
  passportConfig.ts          |   57.35 |        0 |     100 |   57.35 | 22-50                                                  
 src/controllers             |   34.51 |       75 |   46.15 |   34.51 |                                                        
  authController.ts          |    24.6 |    33.33 |      20 |    24.6 | 18-19,21-22,25-32,36-69,72-85,89-98,102-126            
  handlerFactory.ts          |   53.48 |      100 |     100 |   53.48 | 10-12,16-18,22-24,29-31,36-43                          
  questionController.ts      |      40 |      100 |       0 |      40 | 7-24                                                   
  quizController.ts          |   36.17 |      100 |     100 |   36.17 | 17-46                                                  
  userController.ts          |    37.5 |      100 |       0 |    37.5 | 10-17,20-22,25-41,45-51,54-58                          
 src/errorHandler            |   82.35 |       50 |      50 |   82.35 |                                                        
  HttpError.ts               |   66.66 |      100 |       0 |   66.66 | 4-5                                                    
  errorHandler.ts            |    90.9 |       50 |     100 |    90.9 | 6                                                      
 src/middleware              |   35.61 |      100 |      25 |   35.61 |                                                        
  authMiddleware.ts          |   35.61 |      100 |      25 |   35.61 | 17-39,44-49,54-67,70-73                                
 src/routes                  |     100 |      100 |     100 |     100 |                                                        
  questionRouter.ts          |     100 |      100 |     100 |     100 |                                                        
  quizRouter.ts              |     100 |      100 |     100 |     100 |                                                        
  userRouter.ts              |     100 |      100 |     100 |     100 |                                                        
 src/schemas                 |   82.62 |      100 |       0 |   82.62 |                                                        
  question.schema.ts         |     100 |      100 |       0 |     100 |                                                        
  quiz.schema.ts             |   81.08 |      100 |     100 |   81.08 | 23-24,29-33                                            
  testResult.schema.ts       |     100 |      100 |     100 |     100 |                                                        
  user.schema.ts             |   75.71 |      100 |       0 |   75.71 | 19,40-41,49-50,54,90-94,97-101,117-119,122-129,132-138 
 src/services                |   38.05 |    66.66 |   18.18 |   38.05 |                                                        
  AccountServiceImplMongo.ts |   35.13 |       50 |      25 |   35.13 | 16-20,23-27,30-44,48-70                                
  ApplServiceImplMongo.ts    |   41.66 |      100 |   14.28 |   41.66 | 15-22,25-33,36-42,45-51,54-57                          
 src/utils                   |   39.25 |       75 |   13.33 |   39.25 |                                                        
  apiFeatures.ts             |   38.09 |      100 |       0 |   38.09 | 16-18,21-31,34-42,45-53,56-62                          
  email.ts                   |    28.2 |      100 |       0 |    28.2 | 12-39                                                  
  jwt.ts                     |   30.76 |       50 |    12.5 |   30.76 | 7-8,17-18,22-23,27-29,32-34,37-43,46-65,68-91          
  quizTypes.ts               |     100 |      100 |     100 |     100 |                                                        
  tools.ts                   |     100 |      100 |     100 |     100 |                                                        
-----------------------------|---------|----------|---------|---------|--------------------------------------------------------
Test Suites: 1 failed, 1 total
Tests:       2 failed, 2 total
Snapshots:   0 total
Time:        65.43 s
Ran all test suites matching tests/quizResult.test.ts.
